▲ Next.js 16.3.5 (Turbopack)
✓ Running next.config.ts took 329ms

  Creating an optimized production build ...
✓ Compiled successfully in 16.3s
  Running TypeScript ...
  Finished TypeScript in 38.6s ...
  Collecting page data using 7 workers ...
  Generating static pages using 7 workers (0/22) ...
  Generating static pages using 7 workers (5/22) 
  Generating static pages using 7 workers (10/22) 
  Generating static pages using 7 workers (16/22) 
✓ Generating static pages using 7 workers (22/22) in 5.0s
  Finalizing page optimization ...

Route (app)
┌ ○ /
├ ○ /_not-found
├ ○ /about
├ ○ /book-details
├ ○ /bookings
├ ○ /buses
├ ○ /dashboard
├ ○ /forgot-password
├ ○ /home
├ ○ /login
├ ○ /login-hero
├ ○ /payment
├ ○ /profile
├ ○ /reports
├ ○ /reservation
├ ○ /reserve
├ ○ /routes
├ ○ /signin
├ ○ /signup
├ ○ /trips
└ ○ /users


○  (Static)  prerendered as static content

